../Core/Src/stm32f7xx_hal_msp.c:65:6:HAL_MspInit	8	static
../Core/Src/stm32f7xx_hal_msp.c:88:6:HAL_SPI_MspInit	40	static
../Core/Src/stm32f7xx_hal_msp.c:126:6:HAL_SPI_MspDeInit	0	static
../Core/Src/stm32f7xx_hal_msp.c:156:6:HAL_TIM_Base_MspInit	8	static
../Core/Src/stm32f7xx_hal_msp.c:183:6:HAL_TIM_MspPostInit	40	static
../Core/Src/stm32f7xx_hal_msp.c:235:6:HAL_TIM_Base_MspDeInit	0	static
../Core/Src/stm32f7xx_hal_msp.c:268:6:HAL_UART_MspInit	176	static
../Core/Src/stm32f7xx_hal_msp.c:316:6:HAL_UART_MspDeInit	0	static
