2026-04-06 16:58:11,982 [INFO] Activator:176 - 


2026-04-06 16:58:11,983 [INFO] Activator:177 - !SESSION log4j initialized
2026-04-06 16:58:13,793 [INFO] LogOutputStream:77 - [STDOUT_REDIRECT] 
2026-04-06 16:58:33,604 [INFO] ApplicationProperties:184 - Using Application install path: D:\stm32\ST\STM32CubeIDE_1.19.0\STM32CubeIDE\plugins\com.st.stm32cube.common.mx_6.15.0.202507011659
2026-04-06 16:58:33,619 [INFO] DbMcusXml:78 - Set database path to: D:\stm32\ST\STM32CubeIDE_1.19.0\STM32CubeIDE\plugins\com.st.stm32cube.common.mx_6.15.0.202507011659\\db\/mcu/
2026-04-06 16:58:33,619 [INFO] ApiDb:274 - Set plugin database path to: D:\stm32\ST\STM32CubeIDE_1.19.0\STM32CubeIDE\plugins\com.st.stm32cube.common.mx_6.15.0.202507011659\\db\/plugins/boardmanager/
2026-04-06 16:58:33,619 [WARN] ApiDb:259 - Overriding images path with different value:  => D:\stm32\ST\STM32CubeIDE_1.19.0\STM32CubeIDE\plugins\com.st.stm32cube.common.mx_6.15.0.202507011659\\db\/plugins/mcufinder/images/
2026-04-06 16:58:33,626 [INFO] ApiDb:250 - Set database path to: C:\Users\KABACHOK\.stmcufinder\plugins\mcufinder//mcu/
2026-04-06 16:58:33,627 [INFO] DbMcusAds:125 - Set database path to: C:\Users\KABACHOK\.stmcufinder\plugins\mcufinder//mcu/
2026-04-06 16:58:33,629 [INFO] CrossReferenceDbSqlite:203 - Set database path to: C:\Users\KABACHOK\.stmcufinder\plugins\mcufinder//mcu/cs/
2026-04-06 16:58:33,720 [INFO] RulesReader:64 - Compatibility file has been processed (317 Rules)
2026-04-06 16:58:33,780 [INFO] DbMcusXml:78 - Set database path to: D:\stm32\ST\STM32CubeIDE_1.19.0\STM32CubeIDE\plugins\com.st.stm32cube.common.mx_6.15.0.202507011659\\db\/mcu/
2026-04-06 16:58:33,780 [INFO] ApiDb:274 - Set plugin database path to: D:\stm32\ST\STM32CubeIDE_1.19.0\STM32CubeIDE\plugins\com.st.stm32cube.common.mx_6.15.0.202507011659\\db\/plugins/boardmanager/
2026-04-06 16:58:33,780 [INFO] ApiDb:261 - Set plugin images path to: D:\stm32\ST\STM32CubeIDE_1.19.0\STM32CubeIDE\plugins\com.st.stm32cube.common.mx_6.15.0.202507011659\\db\/plugins/mcufinder/images/
2026-04-06 16:58:33,781 [WARN] DbFile:41 - Overriding database path with different value: C:\Users\KABACHOK\.stmcufinder\plugins\mcufinder/ => C:\Users\KABACHOK\.stmcufinder\plugins\mcufinder
2026-04-06 16:58:33,781 [INFO] ApiDb:250 - Set database path to: C:\Users\KABACHOK\.stmcufinder\plugins\mcufinder//mcu/
2026-04-06 16:58:33,781 [WARN] DbFile:41 - Overriding database path with different value: C:\Users\KABACHOK\.stmcufinder\plugins\mcufinder/ => C:\Users\KABACHOK\.stmcufinder\plugins\mcufinder
2026-04-06 16:58:33,781 [INFO] DbMcusAds:125 - Set database path to: C:\Users\KABACHOK\.stmcufinder\plugins\mcufinder//mcu/
2026-04-06 16:58:33,781 [WARN] DbFile:41 - Overriding database path with different value: C:\Users\KABACHOK\.stmcufinder\plugins\mcufinder/ => C:\Users\KABACHOK\.stmcufinder\plugins\mcufinder
2026-04-06 16:58:33,781 [WARN] DbFile:41 - Overriding database path with different value: C:\Users\KABACHOK\.stmcufinder\plugins\mcufinder/ => C:\Users\KABACHOK\.stmcufinder\plugins\mcufinder
2026-04-06 16:58:33,781 [INFO] CrossReferenceDbSqlite:203 - Set database path to: C:\Users\KABACHOK\.stmcufinder\plugins\mcufinder//mcu/cs/
2026-04-06 16:58:33,844 [INFO] MainPanel:274 - HeapMemory: 268435456
2026-04-06 16:58:33,932 [INFO] DbMcusXml:78 - Set database path to: D:\stm32\ST\STM32CubeIDE_1.19.0\STM32CubeIDE\plugins\com.st.stm32cube.common.mx_6.15.0.202507011659\\db\/mcu/
2026-04-06 16:58:33,932 [INFO] ApiDb:274 - Set plugin database path to: D:\stm32\ST\STM32CubeIDE_1.19.0\STM32CubeIDE\plugins\com.st.stm32cube.common.mx_6.15.0.202507011659\\db\/plugins/boardmanager/
2026-04-06 16:58:33,932 [INFO] ApiDb:261 - Set plugin images path to: D:\stm32\ST\STM32CubeIDE_1.19.0\STM32CubeIDE\plugins\com.st.stm32cube.common.mx_6.15.0.202507011659\\db\/plugins/mcufinder/images/
2026-04-06 16:58:33,933 [WARN] DbFile:41 - Overriding database path with different value: C:\Users\KABACHOK\.stmcufinder\plugins\mcufinder/ => C:\Users\KABACHOK\.stmcufinder\plugins\mcufinder
2026-04-06 16:58:33,933 [INFO] ApiDb:250 - Set database path to: C:\Users\KABACHOK\.stmcufinder\plugins\mcufinder//mcu/
2026-04-06 16:58:33,933 [WARN] DbFile:41 - Overriding database path with different value: C:\Users\KABACHOK\.stmcufinder\plugins\mcufinder/ => C:\Users\KABACHOK\.stmcufinder\plugins\mcufinder
2026-04-06 16:58:33,933 [INFO] DbMcusAds:125 - Set database path to: C:\Users\KABACHOK\.stmcufinder\plugins\mcufinder//mcu/
2026-04-06 16:58:33,933 [WARN] DbFile:41 - Overriding database path with different value: C:\Users\KABACHOK\.stmcufinder\plugins\mcufinder/ => C:\Users\KABACHOK\.stmcufinder\plugins\mcufinder
2026-04-06 16:58:33,933 [WARN] DbFile:41 - Overriding database path with different value: C:\Users\KABACHOK\.stmcufinder\plugins\mcufinder/ => C:\Users\KABACHOK\.stmcufinder\plugins\mcufinder
2026-04-06 16:58:33,933 [INFO] CrossReferenceDbSqlite:203 - Set database path to: C:\Users\KABACHOK\.stmcufinder\plugins\mcufinder//mcu/cs/
2026-04-06 16:58:33,952 [INFO] ApplicationProperties:184 - Using Application install path: D:\stm32\ST\STM32CubeIDE_1.19.0\STM32CubeIDE\plugins\com.st.stm32cube.common.mx_6.15.0.202507011659
2026-04-06 16:58:33,953 [INFO] PluginManage:196 - Search for loadable plugins [exclusion list=, ]
2026-04-06 16:58:33,954 [INFO] PluginManage:310 - Check plugin analytics
2026-04-06 16:58:38,658 [INFO] AnalyticsPlugin:253 - Accepted Software Licenses: 
2026-04-06 16:58:38,658 [INFO] AnalyticsPlugin:255 - Accepted CMSIS Pack Licenses: 
2026-04-06 16:58:38,658 [INFO] AnalyticsPlugin:257 - Accepted Firmware Licenses: FW.F4.1.28.0
2026-04-06 16:58:38,660 [INFO] PluginManage:359 - Loaded plugin analytics (category:tool,tabindex:-1)
2026-04-06 16:58:38,660 [INFO] PluginManage:310 - Check plugin cadmodel
2026-04-06 16:58:38,665 [INFO] CADModel:105 - Init CAD model plugin
2026-04-06 16:58:38,665 [INFO] PluginManage:359 - Loaded plugin cadmodel (category:power,tabindex:5)
2026-04-06 16:58:38,665 [INFO] PluginManage:310 - Check plugin clock
2026-04-06 16:58:38,672 [INFO] PluginManage:359 - Loaded plugin clock (category:base,tabindex:2)
2026-04-06 16:58:38,673 [INFO] PluginManage:310 - Check plugin ddr
2026-04-06 16:58:38,674 [INFO] PluginManage:359 - Loaded plugin ddr (category:tool,tabindex:6)
2026-04-06 16:58:38,674 [INFO] PluginManage:310 - Check plugin filemanager
2026-04-06 16:58:38,785 [INFO] PluginManage:359 - Loaded plugin filemanager (category:base,tabindex:10)
2026-04-06 16:58:38,785 [INFO] PluginManage:310 - Check plugin ipmanager
2026-04-06 16:58:38,790 [INFO] PluginManage:359 - Loaded plugin ipmanager (category:base,tabindex:5)
2026-04-06 16:58:38,791 [INFO] PluginManage:310 - Check plugin lpbam
2026-04-06 16:58:38,797 [INFO] PluginManage:359 - Loaded plugin lpbam (category:base,tabindex:0)
2026-04-06 16:58:38,797 [INFO] PluginManage:310 - Check plugin memorymap
2026-04-06 16:58:38,806 [INFO] PluginManage:359 - Loaded plugin memorymap (category:base,tabindex:4)
2026-04-06 16:58:38,806 [INFO] PluginManage:310 - Check plugin pinoutandconfiguration
2026-04-06 16:58:38,813 [INFO] PluginManage:359 - Loaded plugin pinoutandconfiguration (category:base,tabindex:1)
2026-04-06 16:58:38,813 [INFO] PluginManage:310 - Check plugin pinoutconfig
2026-04-06 16:58:38,872 [WARN] SupportedApi:132 - Cannot load RTOS API schema: s4s-elt-must-match.1: The content of 'definitions' must match (annotation?, (simpleType | complexType)?, (unique | key | keyref)*)). A problem was found starting at: attribute.
2026-04-06 16:58:38,965 [INFO] PluginManage:359 - Loaded plugin pinoutconfig (category:base,tabindex:0)
2026-04-06 16:58:38,965 [INFO] PluginManage:310 - Check plugin power
2026-04-06 16:58:38,972 [INFO] PluginManage:359 - Loaded plugin power (category:power,tabindex:4)
2026-04-06 16:58:38,972 [INFO] PluginManage:310 - Check plugin projectmanager
2026-04-06 16:58:38,984 [INFO] PluginManage:359 - Loaded plugin projectmanager (category:projectmanager,tabindex:4)
2026-04-06 16:58:38,984 [INFO] PluginManage:310 - Check plugin rif
2026-04-06 16:58:38,990 [INFO] PluginManage:359 - Loaded plugin rif (category:base,tabindex:3)
2026-04-06 16:58:38,991 [INFO] PluginManage:310 - Check plugin thirdparty
2026-04-06 16:58:39,082 [INFO] PluginManage:359 - Loaded plugin thirdparty (category:base,tabindex:-1)
2026-04-06 16:58:39,082 [INFO] PluginManage:310 - Check plugin tools
2026-04-06 16:58:39,082 [WARN] IntegrityCheckThread:84 - waiting for thirdparty lock release [integrity check]
2026-04-06 16:58:39,082 [INFO] IntegrityCheckThread:86 - entering critical section [integrity check]
2026-04-06 16:58:39,083 [INFO] ThirdPartyUpdaterWithRetryManager:70 - Updater plugin not ready yet. [1/15]
2026-04-06 16:58:39,084 [INFO] PluginManage:359 - Loaded plugin tools (category:base,tabindex:7)
2026-04-06 16:58:39,084 [INFO] PluginManage:310 - Check plugin tutovideos
2026-04-06 16:58:39,235 [INFO] PluginManage:359 - Loaded plugin tutovideos (category:base,tabindex:-1)
2026-04-06 16:58:39,235 [INFO] PluginManage:310 - Check plugin updater
2026-04-06 16:58:39,252 [INFO] PluginManage:359 - Loaded plugin updater (category:base,tabindex:12)
2026-04-06 16:58:39,253 [INFO] PluginManage:310 - Check plugin userauth
2026-04-06 16:58:39,256 [INFO] UserAuth:118 - Init User Auth plugin
2026-04-06 16:58:39,257 [INFO] PluginManage:359 - Loaded plugin userauth (category:base,tabindex:14)
2026-04-06 16:58:39,257 [INFO] PluginManage:283 - PluginManage : Loaded plugins [18]
2026-04-06 16:58:39,410 [INFO] PinOutPanel:1589 - setPackage(No Configuration,No Configuration)
2026-04-06 16:58:39,478 [INFO] CADModel:165 - CPN selected for project level
2026-04-06 16:58:39,479 [INFO] CADModel:114 - Register for checkConnection events
2026-04-06 16:58:39,492 [INFO] IPUIPlugin:80 - create IPUIPlugin
2026-04-06 16:58:39,493 [INFO] PluginManager:220 - loadIPPluginJar : add adc
2026-04-06 16:58:39,495 [INFO] IPUIPlugin:80 - create IPUIPlugin
2026-04-06 16:58:39,495 [INFO] PluginManager:220 - loadIPPluginJar : add aes
2026-04-06 16:58:39,497 [INFO] IPUIPlugin:80 - create IPUIPlugin
2026-04-06 16:58:39,498 [INFO] PluginManager:220 - loadIPPluginJar : add can
2026-04-06 16:58:39,499 [INFO] IPUIPlugin:80 - create IPUIPlugin
2026-04-06 16:58:39,499 [INFO] PluginManager:220 - loadIPPluginJar : add comp
2026-04-06 16:58:39,502 [INFO] IPUIPlugin:80 - create IPUIPlugin
2026-04-06 16:58:39,502 [INFO] PluginManager:220 - loadIPPluginJar : add cryp
2026-04-06 16:58:39,505 [INFO] IPUIPlugin:80 - create IPUIPlugin
2026-04-06 16:58:39,505 [INFO] PluginManager:220 - loadIPPluginJar : add ddr_ctrl_phy
2026-04-06 16:58:39,507 [INFO] IPUIPlugin:80 - create IPUIPlugin
2026-04-06 16:58:39,507 [INFO] PluginManager:220 - loadIPPluginJar : add dfsdm
2026-04-06 16:58:39,512 [INFO] IPUIPlugin:80 - create IPUIPlugin
2026-04-06 16:58:39,512 [INFO] PluginManager:220 - loadIPPluginJar : add dma
2026-04-06 16:58:39,514 [INFO] IPUIPlugin:80 - create IPUIPlugin
2026-04-06 16:58:39,515 [INFO] PluginManager:220 - loadIPPluginJar : add dma3
2026-04-06 16:58:39,517 [INFO] IPUIPlugin:80 - create IPUIPlugin
2026-04-06 16:58:39,517 [INFO] PluginManager:220 - loadIPPluginJar : add extmemmanager
2026-04-06 16:58:39,518 [INFO] IPUIPlugin:80 - create IPUIPlugin
2026-04-06 16:58:39,518 [INFO] PluginManager:220 - loadIPPluginJar : add fatfs
2026-04-06 16:58:39,522 [INFO] IPUIPlugin:80 - create IPUIPlugin
2026-04-06 16:58:39,522 [INFO] PluginManager:220 - loadIPPluginJar : add fmc
2026-04-06 16:58:39,527 [INFO] IPUIPlugin:80 - create IPUIPlugin
2026-04-06 16:58:39,527 [INFO] PluginManager:220 - loadIPPluginJar : add freertos
2026-04-06 16:58:39,528 [INFO] IPUIPlugin:80 - create IPUIPlugin
2026-04-06 16:58:39,528 [INFO] PluginManager:220 - loadIPPluginJar : add genericplugin
2026-04-06 16:58:39,530 [INFO] IPUIPlugin:80 - create IPUIPlugin
2026-04-06 16:58:39,531 [INFO] PluginManager:220 - loadIPPluginJar : add gfxmmu
2026-04-06 16:58:39,534 [INFO] IPUIPlugin:80 - create IPUIPlugin
2026-04-06 16:58:39,535 [INFO] PluginManager:220 - loadIPPluginJar : add gic
2026-04-06 16:58:39,537 [INFO] IPUIPlugin:80 - create IPUIPlugin
2026-04-06 16:58:39,538 [INFO] PluginManager:220 - loadIPPluginJar : add gpio
2026-04-06 16:58:39,540 [INFO] IPUIPlugin:80 - create IPUIPlugin
2026-04-06 16:58:39,540 [INFO] PluginManager:220 - loadIPPluginJar : add gtzc
2026-04-06 16:58:39,542 [INFO] IPUIPlugin:80 - create IPUIPlugin
2026-04-06 16:58:39,542 [INFO] PluginManager:220 - loadIPPluginJar : add hash
2026-04-06 16:58:39,544 [INFO] IPUIPlugin:80 - create IPUIPlugin
2026-04-06 16:58:39,544 [INFO] PluginManager:220 - loadIPPluginJar : add i2c
2026-04-06 16:58:39,547 [INFO] IPUIPlugin:80 - create IPUIPlugin
2026-04-06 16:58:39,547 [INFO] PluginManager:220 - loadIPPluginJar : add i2s
2026-04-06 16:58:39,549 [INFO] IPUIPlugin:80 - create IPUIPlugin
2026-04-06 16:58:39,549 [INFO] PluginManager:220 - loadIPPluginJar : add i3c
2026-04-06 16:58:39,552 [INFO] IPUIPlugin:80 - create IPUIPlugin
2026-04-06 16:58:39,552 [INFO] PluginManager:220 - loadIPPluginJar : add ipddr
2026-04-06 16:58:39,558 [INFO] IPUIPlugin:80 - create IPUIPlugin
2026-04-06 16:58:39,558 [INFO] PluginManager:220 - loadIPPluginJar : add linkedlist
2026-04-06 16:58:39,560 [INFO] IPUIPlugin:80 - create IPUIPlugin
2026-04-06 16:58:39,560 [INFO] PluginManager:220 - loadIPPluginJar : add lorawan
2026-04-06 16:58:39,562 [INFO] IPUIPlugin:80 - create IPUIPlugin
2026-04-06 16:58:39,562 [INFO] PluginManager:220 - loadIPPluginJar : add ltdc
2026-04-06 16:58:39,566 [INFO] IPUIPlugin:80 - create IPUIPlugin
2026-04-06 16:58:39,567 [INFO] PluginManager:220 - loadIPPluginJar : add mdma
2026-04-06 16:58:39,569 [INFO] IPUIPlugin:80 - create IPUIPlugin
2026-04-06 16:58:39,569 [INFO] PluginManager:220 - loadIPPluginJar : add nvic
2026-04-06 16:58:39,571 [INFO] IPUIPlugin:80 - create IPUIPlugin
2026-04-06 16:58:39,572 [INFO] PluginManager:220 - loadIPPluginJar : add opamp
2026-04-06 16:58:39,574 [INFO] IPUIPlugin:80 - create IPUIPlugin
2026-04-06 16:58:39,574 [INFO] PluginManager:220 - loadIPPluginJar : add openamp
2026-04-06 16:58:39,576 [INFO] IPUIPlugin:80 - create IPUIPlugin
2026-04-06 16:58:39,576 [INFO] PluginManager:220 - loadIPPluginJar : add pdm2pcm
2026-04-06 16:58:39,580 [INFO] IPUIPlugin:80 - create IPUIPlugin
2026-04-06 16:58:39,581 [INFO] PluginManager:220 - loadIPPluginJar : add plateformsettings
2026-04-06 16:58:39,583 [INFO] IPUIPlugin:80 - create IPUIPlugin
2026-04-06 16:58:39,583 [INFO] PluginManager:220 - loadIPPluginJar : add quadspi
2026-04-06 16:58:39,584 [INFO] IPUIPlugin:80 - create IPUIPlugin
2026-04-06 16:58:39,584 [INFO] PluginManager:220 - loadIPPluginJar : add radio
2026-04-06 16:58:39,587 [INFO] IPUIPlugin:80 - create IPUIPlugin
2026-04-06 16:58:39,587 [INFO] PluginManager:220 - loadIPPluginJar : add resmgrutility
2026-04-06 16:58:39,589 [INFO] IPUIPlugin:80 - create IPUIPlugin
2026-04-06 16:58:39,589 [INFO] PluginManager:220 - loadIPPluginJar : add sai
2026-04-06 16:58:39,590 [INFO] IPUIPlugin:80 - create IPUIPlugin
2026-04-06 16:58:39,591 [INFO] PluginManager:220 - loadIPPluginJar : add spi
2026-04-06 16:58:39,594 [INFO] IPUIPlugin:80 - create IPUIPlugin
2026-04-06 16:58:39,595 [INFO] PluginManager:220 - loadIPPluginJar : add stm32_wpan
2026-04-06 16:58:39,596 [INFO] IPUIPlugin:80 - create IPUIPlugin
2026-04-06 16:58:39,596 [INFO] PluginManager:220 - loadIPPluginJar : add tim
2026-04-06 16:58:39,598 [INFO] IPUIPlugin:80 - create IPUIPlugin
2026-04-06 16:58:39,598 [INFO] PluginManager:220 - loadIPPluginJar : add touchsensing
2026-04-06 16:58:39,600 [INFO] IPUIPlugin:80 - create IPUIPlugin
2026-04-06 16:58:39,600 [INFO] PluginManager:220 - loadIPPluginJar : add tracer_emb
2026-04-06 16:58:39,601 [INFO] IPUIPlugin:80 - create IPUIPlugin
2026-04-06 16:58:39,601 [INFO] PluginManager:220 - loadIPPluginJar : add ts
2026-04-06 16:58:39,602 [INFO] IPUIPlugin:80 - create IPUIPlugin
2026-04-06 16:58:39,602 [INFO] PluginManager:220 - loadIPPluginJar : add tsc
2026-04-06 16:58:39,603 [INFO] IPUIPlugin:80 - create IPUIPlugin
2026-04-06 16:58:39,603 [INFO] PluginManager:220 - loadIPPluginJar : add ucpd
2026-04-06 16:58:39,605 [INFO] IPUIPlugin:80 - create IPUIPlugin
2026-04-06 16:58:39,605 [INFO] PluginManager:220 - loadIPPluginJar : add usart
2026-04-06 16:58:39,608 [INFO] IPUIPlugin:80 - create IPUIPlugin
2026-04-06 16:58:39,608 [INFO] PluginManager:220 - loadIPPluginJar : add usbx
2026-04-06 16:58:39,721 [FATAL] Updater:351 - Updater called before beeing initialized
2026-04-06 16:58:39,742 [INFO] RulesReader:64 - Compatibility file has been processed (317 Rules)
2026-04-06 16:58:39,751 [INFO] RulesReader:64 - Compatibility file has been processed (317 Rules)
2026-04-06 16:58:39,757 [INFO] CADModel:165 - CPN selected for project level
2026-04-06 16:58:39,757 [INFO] CADModel:114 - Register for checkConnection events
2026-04-06 16:58:39,757 [FATAL] Updater:351 - Updater called before beeing initialized
2026-04-06 16:58:39,757 [ERROR] CADModel:125 - Updater not yet initialized, retry later 
2026-04-06 16:58:39,872 [FATAL] Updater:351 - Updater called before beeing initialized
2026-04-06 16:58:39,873 [INFO] CADModel:165 - CPN selected for project level
2026-04-06 16:58:39,873 [INFO] CADModel:114 - Register for checkConnection events
2026-04-06 16:58:39,873 [FATAL] Updater:351 - Updater called before beeing initialized
2026-04-06 16:58:39,873 [ERROR] CADModel:125 - Updater not yet initialized, retry later 
2026-04-06 16:58:39,875 [FATAL] Updater:351 - Updater called before beeing initialized
2026-04-06 16:58:39,950 [FATAL] Updater:351 - Updater called before beeing initialized
2026-04-06 16:58:39,953 [INFO] DbMcusAds:53 - JSON generation date=Thu Sep 30 10:55:09 SAMT 2021 (1632984909247)
2026-04-06 16:58:39,953 [FATAL] Updater:351 - Updater called before beeing initialized
2026-04-06 16:58:39,981 [WARN] DetailPanel:346 - Failed to get advertising image, set to default
2026-04-06 16:58:40,047 [FATAL] Updater:351 - Updater called before beeing initialized
2026-04-06 16:58:40,048 [FATAL] Updater:351 - Updater called before beeing initialized
2026-04-06 16:58:40,048 [FATAL] Updater:351 - Updater called before beeing initialized
2026-04-06 16:58:40,049 [WARN] DetailPanel:346 - Failed to get advertising image, set to default
2026-04-06 16:58:40,049 [FATAL] Updater:351 - Updater called before beeing initialized
2026-04-06 16:58:40,084 [ERROR] Updater:1198 - MainUpdater not yet initialized. External WinMGr cannot be set.
2026-04-06 16:58:40,087 [INFO] Updater:1134 - Updater Version found : 6.15.0
2026-04-06 16:58:40,104 [INFO] ApplicationProperties:184 - Using Application install path: D:\stm32\ST\STM32CubeIDE_1.19.0\STM32CubeIDE\plugins\com.st.stm32cube.common.mx_6.15.0.202507011659
2026-04-06 16:58:41,684 [ERROR] LogOutputStream:75 - [STDERR_REDIRECT] Apr 06, 2026 4:58:41 PM java.util.prefs.WindowsPreferences <init>
2026-04-06 16:58:41,685 [ERROR] LogOutputStream:75 - [STDERR_REDIRECT] WARNING: Could not open/create prefs root node Software\JavaSoft\Prefs at root 0xffffffff80000002. Windows RegCreateKeyEx(...) returned error code 5.
2026-04-06 16:58:41,685 [ERROR] LogOutputStream:75 - [STDERR_REDIRECT] 
2026-04-06 16:58:42,083 [INFO] ThirdPartyUpdaterWithRetryManager:70 - Updater plugin not ready yet. [2/15]
2026-04-06 16:58:42,186 [INFO] MainUpdater:2872 - connection check result : 10
2026-04-06 16:58:42,187 [INFO] MainUpdater:3604 - Updater definition file requires update
2026-04-06 16:58:42,187 [INFO] MainUpdater:289 - Updater Check For Update Now.
2026-04-06 16:58:42,187 [INFO] MicroXplorer:498 - Change Database Version : DB.6.0.150
2026-04-06 16:58:42,191 [INFO] McuFinderGlobals:63 - Set McuFinder mode to 2 (CubeIDE integrated)
2026-04-06 16:58:42,191 [INFO] UserAuth:171 - activating auth plugin
2026-04-06 16:58:42,193 [INFO] UserAuth:487 - Internet connection configuration mode: 1
2026-04-06 16:58:42,205 [INFO] JxBrowserEngine:152 - Initiate JxBrowser Engine with user profile folder
2026-04-06 16:58:42,610 [INFO] ServerAccessManage:452 - Complete download http(s) 200
2026-04-06 16:58:42,610 [INFO] ServerAccessManage:509 - Download File updaters.zip
2026-04-06 16:58:42,775 [INFO] WebApp:169 - Instantiating new browser for Auth
2026-04-06 16:58:42,921 [INFO] FileExtend:248 - Unzip File : updaters.zip
2026-04-06 16:58:42,922 [INFO] FileExtend:263 - Standard Zip Deflate
2026-04-06 16:58:43,235 [INFO] ServerAccessManage:452 - Complete download http(s) 200
2026-04-06 16:58:43,235 [INFO] ServerAccessManage:509 - Download File PacksControlFlags.xml
2026-04-06 16:58:43,349 [INFO] ServerAccessManage:452 - Complete download http(s) 200
2026-04-06 16:58:43,349 [INFO] ServerAccessManage:509 - Download File cubemx.pidx
2026-04-06 16:58:43,408 [INFO] WebApp:463 - Apply proxy settings
2026-04-06 16:58:43,409 [INFO] WebApp:548 - Chromium requires no authentication
2026-04-06 16:58:43,415 [INFO] WebApp:491 - Direct internet connection detected
2026-04-06 16:58:43,434 [INFO] WebApp:900 - Register for checkConnection events
2026-04-06 16:58:43,435 [INFO] WebApp:463 - Apply proxy settings
2026-04-06 16:58:43,435 [INFO] WebApp:548 - Chromium requires no authentication
2026-04-06 16:58:43,435 [INFO] WebApp:491 - Direct internet connection detected
2026-04-06 16:58:43,564 [INFO] WebApp:225 - Starting web application
2026-04-06 16:58:43,565 [INFO] WebApp:593 - Web application path used D:\stm32\ST\STM32CubeIDE_1.19.0\STM32CubeIDE\plugins\com.st.stm32cube.common.mx_6.15.0.202507011659\db\plugins\mcufinder\reactClient1\index.html
2026-04-06 16:58:43,697 [INFO] ServerAccessManage:452 - Complete download http(s) 200
2026-04-06 16:58:43,697 [INFO] ServerAccessManage:509 - Download File STMicroelectronics.FP-ATR-ASTRA1.pdsc
2026-04-06 16:58:43,864 [INFO] WebApp:191 - Connection restablished
2026-04-06 16:58:44,615 [INFO] ServerAccessManage:452 - Complete download http(s) 200
2026-04-06 16:58:44,615 [INFO] ServerAccessManage:509 - Download File STMicroelectronics.FP-ATR-SIGFOX1.pdsc
2026-04-06 16:58:44,925 [INFO] ServerAccessManage:452 - Complete download http(s) 200
2026-04-06 16:58:44,925 [INFO] ServerAccessManage:509 - Download File STMicroelectronics.FP-SNS-STBOX1.pdsc
2026-04-06 16:58:45,084 [WARN] MainUpdater:1193 - Updater busy. Cannot search thirdparties
2026-04-06 16:58:45,084 [INFO] ThirdPartyUpdaterWithRetryManager:96 - Updater plugin is busy. [1/15]
2026-04-06 16:58:45,399 [INFO] ServerAccessManage:452 - Complete download http(s) 200
2026-04-06 16:58:45,399 [INFO] ServerAccessManage:509 - Download File STMicroelectronics.FP-SNS-FLIGHT1.pdsc
2026-04-06 16:58:46,168 [INFO] ServerAccessManage:452 - Complete download http(s) 200
2026-04-06 16:58:46,168 [INFO] ServerAccessManage:509 - Download File STMicroelectronics.FP-SNS-MOTENV1.pdsc
2026-04-06 16:58:47,111 [INFO] ServerAccessManage:452 - Complete download http(s) 200
2026-04-06 16:58:47,112 [INFO] ServerAccessManage:509 - Download File STMicroelectronics.FP-SNS-MOTENVWB1.pdsc
2026-04-06 16:58:47,910 [INFO] ServerAccessManage:452 - Complete download http(s) 200
2026-04-06 16:58:47,911 [INFO] ServerAccessManage:509 - Download File STMicroelectronics.FP-SNS-SMARTAG2.pdsc
2026-04-06 16:58:48,085 [WARN] MainUpdater:1193 - Updater busy. Cannot search thirdparties
2026-04-06 16:58:48,085 [INFO] ThirdPartyUpdaterWithRetryManager:96 - Updater plugin is busy. [2/15]
2026-04-06 16:58:48,224 [INFO] ServerAccessManage:452 - Complete download http(s) 200
2026-04-06 16:58:48,224 [INFO] ServerAccessManage:509 - Download File STMicroelectronics.FP-SNS-STAIOTCFT.pdsc
2026-04-06 16:58:48,536 [INFO] ServerAccessManage:452 - Complete download http(s) 200
2026-04-06 16:58:48,536 [INFO] ServerAccessManage:509 - Download File STMicroelectronics.X-CUBE-AI.pdsc
2026-04-06 16:58:51,086 [WARN] MainUpdater:1193 - Updater busy. Cannot search thirdparties
2026-04-06 16:58:51,086 [INFO] ThirdPartyUpdaterWithRetryManager:96 - Updater plugin is busy. [3/15]
2026-04-06 16:58:51,748 [INFO] ServerAccessManage:452 - Complete download http(s) 200
2026-04-06 16:58:51,748 [INFO] ServerAccessManage:509 - Download File STMicroelectronics.X-CUBE-ALS.pdsc
2026-04-06 16:58:52,372 [INFO] ServerAccessManage:452 - Complete download http(s) 200
2026-04-06 16:58:52,372 [INFO] ServerAccessManage:509 - Download File STMicroelectronics.X-CUBE-BLE1.pdsc
2026-04-06 16:58:54,087 [WARN] MainUpdater:1193 - Updater busy. Cannot search thirdparties
2026-04-06 16:58:54,087 [INFO] ThirdPartyUpdaterWithRetryManager:96 - Updater plugin is busy. [4/15]
2026-04-06 16:58:54,793 [ERROR] ServerAccessManage:1212 - Problem, file not found on Server
2026-04-06 16:58:54,949 [INFO] ServerAccessManage:452 - Complete download http(s) 200
2026-04-06 16:58:54,949 [INFO] ServerAccessManage:509 - Download File STMicroelectronics.X-CUBE-BLE2.pdsc
2026-04-06 16:58:56,337 [INFO] ServerAccessManage:452 - Complete download http(s) 200
2026-04-06 16:58:56,337 [INFO] ServerAccessManage:509 - Download File STMicroelectronics.X-CUBE-BLEMGR.pdsc
2026-04-06 16:58:56,891 [ERROR] ServerAccessManage:1212 - Problem, file not found on Server
2026-04-06 16:58:57,088 [WARN] MainUpdater:1193 - Updater busy. Cannot search thirdparties
2026-04-06 16:58:57,088 [INFO] ThirdPartyUpdaterWithRetryManager:96 - Updater plugin is busy. [5/15]
2026-04-06 16:58:58,106 [INFO] ServerAccessManage:452 - Complete download http(s) 200
2026-04-06 16:58:58,107 [INFO] ServerAccessManage:509 - Download File STMicroelectronics.X-CUBE-DISPLAY.pdsc
2026-04-06 16:58:59,177 [INFO] ServerAccessManage:452 - Complete download http(s) 200
2026-04-06 16:58:59,177 [INFO] ServerAccessManage:509 - Download File STMicroelectronics.X-CUBE-DPOWER.pdsc
2026-04-06 16:58:59,719 [ERROR] ServerAccessManage:1212 - Problem, file not found on Server
2026-04-06 16:58:59,941 [ERROR] ServerAccessManage:1212 - Problem, file not found on Server
2026-04-06 16:59:00,089 [WARN] MainUpdater:1193 - Updater busy. Cannot search thirdparties
2026-04-06 16:59:00,089 [INFO] ThirdPartyUpdaterWithRetryManager:96 - Updater plugin is busy. [6/15]
2026-04-06 16:59:00,188 [ERROR] ServerAccessManage:1212 - Problem, file not found on Server
2026-04-06 16:59:00,414 [ERROR] ServerAccessManage:1212 - Problem, file not found on Server
2026-04-06 16:59:00,617 [ERROR] ServerAccessManage:1212 - Problem, file not found on Server
2026-04-06 16:59:00,850 [ERROR] ServerAccessManage:1212 - Problem, file not found on Server
2026-04-06 16:59:01,096 [ERROR] ServerAccessManage:1212 - Problem, file not found on Server
2026-04-06 16:59:01,307 [ERROR] ServerAccessManage:1212 - Problem, file not found on Server
2026-04-06 16:59:01,550 [ERROR] ServerAccessManage:1212 - Problem, file not found on Server
2026-04-06 16:59:01,785 [ERROR] ServerAccessManage:1212 - Problem, file not found on Server
2026-04-06 16:59:02,064 [ERROR] ServerAccessManage:1212 - Problem, file not found on Server
2026-04-06 16:59:02,216 [INFO] ServerAccessManage:452 - Complete download http(s) 200
2026-04-06 16:59:02,216 [INFO] ServerAccessManage:509 - Download File STMicroelectronics.X-CUBE-EEPRMA1.pdsc
2026-04-06 16:59:02,742 [ERROR] ServerAccessManage:1212 - Problem, file not found on Server
2026-04-06 16:59:03,090 [WARN] MainUpdater:1193 - Updater busy. Cannot search thirdparties
2026-04-06 16:59:03,090 [INFO] ThirdPartyUpdaterWithRetryManager:96 - Updater plugin is busy. [7/15]
2026-04-06 16:59:03,182 [ERROR] ServerAccessManage:1212 - Problem, file not found on Server
2026-04-06 16:59:03,800 [INFO] ServerAccessManage:452 - Complete download http(s) 200
2026-04-06 16:59:03,800 [INFO] ServerAccessManage:509 - Download File STMicroelectronics.X-CUBE-FREERTOS.pdsc
2026-04-06 16:59:05,197 [INFO] ServerAccessManage:452 - Complete download http(s) 200
2026-04-06 16:59:05,198 [INFO] ServerAccessManage:509 - Download File STMicroelectronics.X-CUBE-GNSS1.pdsc
2026-04-06 16:59:06,090 [WARN] MainUpdater:1193 - Updater busy. Cannot search thirdparties
2026-04-06 16:59:06,090 [INFO] ThirdPartyUpdaterWithRetryManager:96 - Updater plugin is busy. [8/15]
2026-04-06 16:59:07,108 [ERROR] ServerAccessManage:1212 - Problem, file not found on Server
2026-04-06 16:59:07,320 [ERROR] ServerAccessManage:1212 - Problem, file not found on Server
2026-04-06 16:59:07,559 [ERROR] ServerAccessManage:1212 - Problem, file not found on Server
2026-04-06 16:59:07,790 [ERROR] ServerAccessManage:1212 - Problem, file not found on Server
2026-04-06 16:59:08,031 [ERROR] ServerAccessManage:1212 - Problem, file not found on Server
2026-04-06 16:59:08,270 [ERROR] ServerAccessManage:1212 - Problem, file not found on Server
2026-04-06 16:59:08,417 [INFO] ServerAccessManage:452 - Complete download http(s) 200
2026-04-06 16:59:08,417 [INFO] ServerAccessManage:509 - Download File STMicroelectronics.X-CUBE-ISPU.pdsc
2026-04-06 16:59:09,091 [WARN] MainUpdater:1193 - Updater busy. Cannot search thirdparties
2026-04-06 16:59:09,091 [INFO] ThirdPartyUpdaterWithRetryManager:96 - Updater plugin is busy. [9/15]
2026-04-06 16:59:09,183 [INFO] ServerAccessManage:452 - Complete download http(s) 200
2026-04-06 16:59:09,184 [INFO] ServerAccessManage:509 - Download File STMicroelectronics.X-CUBE-IPS.pdsc
2026-04-06 16:59:09,813 [INFO] ServerAccessManage:452 - Complete download http(s) 200
2026-04-06 16:59:09,813 [INFO] ServerAccessManage:509 - Download File STMicroelectronics.X-CUBE-MEMS1.pdsc
2026-04-06 16:59:12,093 [WARN] MainUpdater:1193 - Updater busy. Cannot search thirdparties
2026-04-06 16:59:12,093 [INFO] ThirdPartyUpdaterWithRetryManager:96 - Updater plugin is busy. [10/15]
2026-04-06 16:59:13,569 [ERROR] ExternalUserPreferencesManager:606 - Error while get path from external application: Cannot invoke "com.st.stm32cube.common.mx.MxActivator.getBundle()" because the return value of "com.st.stm32cube.common.mx.MxActivator.getDefault()" is null
2026-04-06 16:59:13,570 [ERROR] ExternalUserPreferencesManager:336 - Error while get preference info from external application: Cannot invoke "com.st.stm32cube.common.mx.MxActivator.getBundle()" because the return value of "com.st.stm32cube.common.mx.MxActivator.getDefault()" is null
2026-04-06 16:59:13,570 [ERROR] ExternalUserPreferencesManager:560 - Error while get preference info from external application: Cannot invoke "com.st.stm32cube.common.mx.MxActivator.getBundle()" because the return value of "com.st.stm32cube.common.mx.MxActivator.getDefault()" is null
2026-04-06 16:59:13,649 [ERROR] ExternalUserPreferencesManager:560 - Error while get preference info from external application: Cannot invoke "com.st.stm32cube.common.mx.MxActivator.getBundle()" because the return value of "com.st.stm32cube.common.mx.MxActivator.getDefault()" is null
2026-04-06 16:59:13,674 [ERROR] LogOutputStream:75 - [STDERR_REDIRECT] 
2026-04-06 16:59:13,674 [ERROR] LogOutputStream:75 - [STDERR_REDIRECT] 
