../Drivers/STM32F7xx_HAL_Driver/Src/stm32f7xx_hal_uart.c:3401:13:UART_EndRxTransfer	0	static,ignoring_inline_asm
../Drivers/STM32F7xx_HAL_Driver/Src/stm32f7xx_hal_uart.c:3810:13:UART_TxISR_8BIT.part.0	0	static,ignoring_inline_asm
../Drivers/STM32F7xx_HAL_Driver/Src/stm32f7xx_hal_uart.c:3810:13:UART_TxISR_8BIT	0	static
../Drivers/STM32F7xx_HAL_Driver/Src/stm32f7xx_hal_uart.c:3839:13:UART_TxISR_16BIT	0	static
../Drivers/STM32F7xx_HAL_Driver/Src/stm32f7xx_hal_uart.c:659:13:HAL_UART_MspInit	0	static
../Drivers/STM32F7xx_HAL_Driver/Src/stm32f7xx_hal_uart.c:674:13:HAL_UART_MspDeInit	0	static
../Drivers/STM32F7xx_HAL_Driver/Src/stm32f7xx_hal_uart.c:614:19:HAL_UART_DeInit	16	static
../Drivers/STM32F7xx_HAL_Driver/Src/stm32f7xx_hal_uart.c:1284:19:HAL_UART_Transmit_IT	0	static,ignoring_inline_asm
../Drivers/STM32F7xx_HAL_Driver/Src/stm32f7xx_hal_uart.c:1371:19:HAL_UART_Transmit_DMA	24	static,ignoring_inline_asm
../Drivers/STM32F7xx_HAL_Driver/Src/stm32f7xx_hal_uart.c:1474:19:HAL_UART_DMAPause	0	static,ignoring_inline_asm
../Drivers/STM32F7xx_HAL_Driver/Src/stm32f7xx_hal_uart.c:1504:19:HAL_UART_DMAResume	0	static,ignoring_inline_asm
../Drivers/STM32F7xx_HAL_Driver/Src/stm32f7xx_hal_uart.c:1535:19:HAL_UART_DMAStop	16	static,ignoring_inline_asm
../Drivers/STM32F7xx_HAL_Driver/Src/stm32f7xx_hal_uart.c:1610:19:HAL_UART_Abort	8	static,ignoring_inline_asm
../Drivers/STM32F7xx_HAL_Driver/Src/stm32f7xx_hal_uart.c:1703:19:HAL_UART_AbortTransmit	8	static,ignoring_inline_asm
../Drivers/STM32F7xx_HAL_Driver/Src/stm32f7xx_hal_uart.c:1753:19:HAL_UART_AbortReceive	8	static,ignoring_inline_asm
../Drivers/STM32F7xx_HAL_Driver/Src/stm32f7xx_hal_uart.c:2456:13:HAL_UART_TxCpltCallback	0	static
../Drivers/STM32F7xx_HAL_Driver/Src/stm32f7xx_hal_uart.c:3427:13:UART_DMATransmitCplt	8	static,ignoring_inline_asm
../Drivers/STM32F7xx_HAL_Driver/Src/stm32f7xx_hal_uart.c:2471:13:HAL_UART_TxHalfCpltCallback	0	static
../Drivers/STM32F7xx_HAL_Driver/Src/stm32f7xx_hal_uart.c:3461:13:UART_DMATxHalfCplt	8	static
../Drivers/STM32F7xx_HAL_Driver/Src/stm32f7xx_hal_uart.c:2486:13:HAL_UART_RxCpltCallback	0	static
../Drivers/STM32F7xx_HAL_Driver/Src/stm32f7xx_hal_uart.c:2501:13:HAL_UART_RxHalfCpltCallback	0	static
../Drivers/STM32F7xx_HAL_Driver/Src/stm32f7xx_hal_uart.c:2516:13:HAL_UART_ErrorCallback	0	static
../Drivers/STM32F7xx_HAL_Driver/Src/stm32f7xx_hal_uart.c:3600:13:UART_DMAError	8	static,ignoring_inline_asm
../Drivers/STM32F7xx_HAL_Driver/Src/stm32f7xx_hal_uart.c:3638:13:UART_DMAAbortOnError	8	static
../Drivers/STM32F7xx_HAL_Driver/Src/stm32f7xx_hal_uart.c:2531:13:HAL_UART_AbortCpltCallback	0	static
../Drivers/STM32F7xx_HAL_Driver/Src/stm32f7xx_hal_uart.c:1818:19:HAL_UART_Abort_IT	16	static,ignoring_inline_asm
../Drivers/STM32F7xx_HAL_Driver/Src/stm32f7xx_hal_uart.c:3705:13:UART_DMARxAbortCallback	8	static
../Drivers/STM32F7xx_HAL_Driver/Src/stm32f7xx_hal_uart.c:3659:13:UART_DMATxAbortCallback	8	static
../Drivers/STM32F7xx_HAL_Driver/Src/stm32f7xx_hal_uart.c:2546:13:HAL_UART_AbortTransmitCpltCallback	0	static
../Drivers/STM32F7xx_HAL_Driver/Src/stm32f7xx_hal_uart.c:1961:19:HAL_UART_AbortTransmit_IT	8	static,ignoring_inline_asm
../Drivers/STM32F7xx_HAL_Driver/Src/stm32f7xx_hal_uart.c:3753:13:UART_DMATxOnlyAbortCallback	8	static
../Drivers/STM32F7xx_HAL_Driver/Src/stm32f7xx_hal_uart.c:2561:13:HAL_UART_AbortReceiveCpltCallback	0	static
../Drivers/STM32F7xx_HAL_Driver/Src/stm32f7xx_hal_uart.c:2041:19:HAL_UART_AbortReceive_IT	8	static,ignoring_inline_asm
../Drivers/STM32F7xx_HAL_Driver/Src/stm32f7xx_hal_uart.c:3779:13:UART_DMARxOnlyAbortCallback	8	static
../Drivers/STM32F7xx_HAL_Driver/Src/stm32f7xx_hal_uart.c:2578:13:HAL_UARTEx_RxEventCallback	0	static
../Drivers/STM32F7xx_HAL_Driver/Src/stm32f7xx_hal_uart.c:2128:6:HAL_UART_IRQHandler	16	static,ignoring_inline_asm
../Drivers/STM32F7xx_HAL_Driver/Src/stm32f7xx_hal_uart.c:3896:13:UART_RxISR_8BIT	8	static,ignoring_inline_asm
../Drivers/STM32F7xx_HAL_Driver/Src/stm32f7xx_hal_uart.c:3984:13:UART_RxISR_16BIT	8	static,ignoring_inline_asm
../Drivers/STM32F7xx_HAL_Driver/Src/stm32f7xx_hal_uart.c:3552:13:UART_DMARxHalfCplt	8	static
../Drivers/STM32F7xx_HAL_Driver/Src/stm32f7xx_hal_uart.c:3479:13:UART_DMAReceiveCplt	8	static,ignoring_inline_asm
../Drivers/STM32F7xx_HAL_Driver/Src/stm32f7xx_hal_uart.c:2643:6:HAL_UART_ReceiverTimeout_Config	0	static
../Drivers/STM32F7xx_HAL_Driver/Src/stm32f7xx_hal_uart.c:2655:19:HAL_UART_EnableReceiverTimeout	0	static
../Drivers/STM32F7xx_HAL_Driver/Src/stm32f7xx_hal_uart.c:2686:19:HAL_UART_DisableReceiverTimeout	0	static
../Drivers/STM32F7xx_HAL_Driver/Src/stm32f7xx_hal_uart.c:2757:6:HAL_MultiProcessor_EnterMuteMode	0	static
../Drivers/STM32F7xx_HAL_Driver/Src/stm32f7xx_hal_uart.c:2767:19:HAL_HalfDuplex_EnableTransmitter	8	static,ignoring_inline_asm
../Drivers/STM32F7xx_HAL_Driver/Src/stm32f7xx_hal_uart.c:2790:19:HAL_HalfDuplex_EnableReceiver	8	static,ignoring_inline_asm
../Drivers/STM32F7xx_HAL_Driver/Src/stm32f7xx_hal_uart.c:2814:19:HAL_LIN_SendBreak	0	static
../Drivers/STM32F7xx_HAL_Driver/Src/stm32f7xx_hal_uart.c:2859:23:HAL_UART_GetState	0	static
../Drivers/STM32F7xx_HAL_Driver/Src/stm32f7xx_hal_uart.c:2875:10:HAL_UART_GetError	0	static
../Drivers/STM32F7xx_HAL_Driver/Src/stm32f7xx_hal_uart.c:2923:19:UART_SetConfig	16	static
../Drivers/STM32F7xx_HAL_Driver/Src/stm32f7xx_hal_uart.c:3067:6:UART_AdvFeatureConfig	8	static
../Drivers/STM32F7xx_HAL_Driver/Src/stm32f7xx_hal_uart.c:3212:19:UART_WaitOnFlagUntilTimeout	32	static
../Drivers/STM32F7xx_HAL_Driver/Src/stm32f7xx_hal_uart.c:1098:19:HAL_UART_Transmit	40	static
../Drivers/STM32F7xx_HAL_Driver/Src/stm32f7xx_hal_uart.c:1192:19:HAL_UART_Receive	40	static
../Drivers/STM32F7xx_HAL_Driver/Src/stm32f7xx_hal_uart.c:3141:19:UART_CheckIdleState	24	static,ignoring_inline_asm
../Drivers/STM32F7xx_HAL_Driver/Src/stm32f7xx_hal_uart.c:289:19:HAL_UART_Init	8	static
../Drivers/STM32F7xx_HAL_Driver/Src/stm32f7xx_hal_uart.c:364:19:HAL_HalfDuplex_Init	8	static
../Drivers/STM32F7xx_HAL_Driver/Src/stm32f7xx_hal_uart.c:439:19:HAL_LIN_Init	16	static
../Drivers/STM32F7xx_HAL_Driver/Src/stm32f7xx_hal_uart.c:538:19:HAL_MultiProcessor_Init	16	static
../Drivers/STM32F7xx_HAL_Driver/Src/stm32f7xx_hal_uart.c:2717:19:HAL_MultiProcessor_EnableMuteMode	0	static,ignoring_inline_asm
../Drivers/STM32F7xx_HAL_Driver/Src/stm32f7xx_hal_uart.c:2737:19:HAL_MultiProcessor_DisableMuteMode	0	static,ignoring_inline_asm
../Drivers/STM32F7xx_HAL_Driver/Src/stm32f7xx_hal_uart.c:3280:19:UART_Start_Receive_IT	8	static,ignoring_inline_asm
../Drivers/STM32F7xx_HAL_Driver/Src/stm32f7xx_hal_uart.c:1333:19:HAL_UART_Receive_IT	8	static,ignoring_inline_asm
../Drivers/STM32F7xx_HAL_Driver/Src/stm32f7xx_hal_uart.c:3329:19:UART_Start_Receive_DMA	16	static,ignoring_inline_asm
../Drivers/STM32F7xx_HAL_Driver/Src/stm32f7xx_hal_uart.c:1441:19:HAL_UART_Receive_DMA	8	static,ignoring_inline_asm
